// Jest Snapshot v1, https://goo.gl/fbAQLP

exports[`<Entry /> should render 1`] = `
<div class="entry-container mb-3 pointer p-2">
  <div class="entry-title d-flex"><span class="text-success fs-5 fw-bold">23</span><span class="mx-1 fs-5">July</span><span class="mx-5 fw-light">2021, Friday</span></div>
  <div class="entry-description">Hello Friend!</div>
</div>
`;
