// Jest Snapshot v1, https://goo.gl/fbAQLP

exports[`<EntryView /> should render entry when entry id exists 1`] = `
<div class="entry-title d-flex justify-content-between p-2">
  <div><span class="text-success fs-3 fw-bold">23</span><span class="mx-1 fs-3">July</span><span class="mx-2 fs-4 fw-light">2021, Friday</span></div>
  <div><button class="btn btn-danger mx-2"> Delete <i class="fa fa-trash-alt"></i></button><button class="btn btn-primary"> Upload Photo <i class="fa fa-upload"></i><input accept="image/png, image/jpeg, image/webp" type="file" style="display: none;"></button></div>
</div>
<hr>
<div class="d-flex flex-column px-3 h-75"><textarea placeholder="What's happened today?"></textarea></div>
<img src="https://res.cloudinary.com/sample.jpg" alt="entry-picture" class="img-thumbnail">
<fab-stub icon="fa-save"></fab-stub>
`;
